10_01-echo-expr-let-bc-factor-units.sh
10_02-while.sh
10_03-if.sh
10_04-test.txt
10_05-tr.sh
10_06-wc.sh
10_07-grep.sh
10_08-egrep.sh
10_09-command_substitution.sh
10_10-cut.sh
10_11-paste.sh
10_12-sort.sh
10_13-uniq.sh
10_14-suppressing_echo.txt
10_15-logical_operators.sh
Names
Telephone
acceptans.sh
accountslist.sh
accountswithr.sh
bank.lst
bnk.lst
c.txt
changecase.sh
changecaseinfile.sh
checkauthoriz.sh
checkfileexist.sh
checkiflogged.sh
checkincurdir.sh
checkpattern.sh
checkpattern2.sh
checktype.sh
chirag.lst
commandparam.sh
commandparam_x.sh
comparestrings.sh
copyfilecontent3.sh
copyfilescontent.sh
copyfilescontent2.sh
copyintohome.sh
copyrangeinfile.sh
countblank.sh
countlinks.sh
countlogged.sh
cutpastesort.sh
d.txt
demograve.sh
demoread.sh
demoset.sh
demowhile.sh
dispcommandargs.sh
dispcommandargs_x.sh
dispmessage.sh
dispsequence.sh
file1
file2
file3
fileoneword.sh
fileoneword_x.sh
filesbegind.sh
filesbeginvowel.sh
filescurdirectory.sh
filesheadingsize.sh
fileswithhead.sh
findfileab.sh
fiveexec.sh
k
lastten.sh
mergefiles.sh
name
nn
printdate.sh
printsum.sh
printtime.sh
range.txt
removeextra.sh
removeextra2.sh
removeextra_x.sh
removeextrastore.sh
reversefile.sh
rollnum
school.txt
searchpatinfiles.sh
searchpatinfiles2.sh
storeseqinfile.sh
sub1
sub2
sumoffewnum.sh
sumofn.sh
tmp
tmp.lst
tt
usrnme
wishme.sh
